[37m[36mINFO[0m[0m 05/24 17:57:33 | Command :: train_all.py DCCL_DFA_t4_s123_1 --dataset DomainNet --algorithm DCCL --data_dir /home/hooasia/lgg/projects/repro_dccl/data --seed 0 --trial_seed 0 --source_envs 1 2 3 --target_env 4 --use_dfa --dfa_use_dfd --dfa_use_advm --dfa_use_dr --dfa_use_cr
Environment:
	Python: 3.10.20
	PyTorch: 2.5.1+cu121
	Torchvision: 0.20.1+cu121
	CUDA: 12.1
	CUDNN: 90100
	NumPy: 2.2.6
	PIL: 12.0.0
Args:
	TN: False
	algorithm: DCCL
	aug: 0
	checkpoint_freq: None
	configs: []
	data_dir: /home/hooasia/lgg/projects/repro_dccl/data
	dataset: DomainNet
	debug: False
	deterministic: False
	dfa_dim: 0
	dfa_gumbel_tau: 0.5
	dfa_inference_head: invariant
	dfa_inv_rampup_epochs: 5
	dfa_log_fallback_stats: True
	dfa_mask_ratio: 0.6
	dfa_require_domain_balanced_batch: True
	dfa_use_advm: True
	dfa_use_cr: True
	dfa_use_dfd: True
	dfa_use_dr: True
	erm_baseline: weak
	evalmode: fast
	holdout_fraction: 0.2
	l: 1
	l_cdc: 0.1
	l_d: 0.05
	l_gt: 0.1
	l_layer: 1
	l_pma: 0.1
	label_ratio: 1.0
	lambda_dfa_cl: 0.005
	lambda_dfa_cls: 1.0
	lambda_dfa_inv: 1.0
	lamda: 5
	log: False
	mix: 0
	model: resnet50
	model_save: None
	n_layer: 1
	name: DCCL_DFA_t4_s123_1
	out_dir: train_output/DomainNet/260524_17-57-33_DCCL_DFA_t4_s123_1
	out_root: train_output/DomainNet
	pos_mask: False
	prebuild_loader: False
	re_w: False
	sample_d: False
	seed: 0
	show: False
	source_envs: [1, 2, 3]
	start_epoch: 1000
	steps: None
	sup: True
	t: 0.1
	t_pre: 0.2
	target_env: 4
	tb_freq: 10
	test_envs: None
	trial_seed: 0
	two_ce: False
	unique_name: 260524_17-57-33_DCCL_DFA_t4_s123_1
	use_dfa: True
	weak_erm: False
	work_dir: .
HParams:
	data_augmentation: True
	val_augment: False
	resnet18: False
	resnet_dropout: 0.0
	class_balanced: False
	optimizer: adam
	freeze_bn: True
	pretrained: True
	lr: 5e-05
	batch_size: 32
	weight_decay: 0.0
	t: 0.1
	t_pre: 0.1
	l: 1
	l_d: 0.05
	l_layer: 0.1
	n_layer: 2
	sup: True
	two_ce: False
	sample_d: False
	re_w: False
	pos_mask: False
	mix: 0
	aug: 0
	model: resnet50
	label_ratio: 1.0
	TN: False
	lamda: 5
	start_epoch: 1000
	log: False
	use_dfa: True
	l_cdc: 0.1
	l_pma: 0.1
	l_gt: 0.1
	dfa_dim: 0
	dfa_use_dfd: True
	dfa_use_advm: True
	dfa_use_dr: True
	dfa_use_cr: True
	dfa_mask_ratio: 0.6
	dfa_gumbel_tau: 0.5
	lambda_dfa_cls: 1.0
	lambda_dfa_inv: 1.0
	lambda_dfa_cl: 0.005
	dfa_inv_rampup_epochs: 5
	dfa_inference_head: invariant
	dfa_require_domain_balanced_batch: True
	dfa_log_fallback_stats: True
	swad: LossValley
	swad_kwargs: 
	  n_converge: 3
	  n_tolerance: 6
	  tolerance_ratio: 0.3
	test_batchsize: 128
	indomain_test: False
Dataset:
	[DomainNet] #envs=4, #classes=345
	env0: infograph (#53201)
	env1: painting (#75759)
	env2: quickdraw (#172500)
	env3: real (#175327)

[37m[36mINFO[0m[0m 05/24 18:05:04 | DomainNet custom split enabled: source_envs=[1, 2, 3] (['info', 'paint', 'quick']), target_env=4 (real)
[37m[36mINFO[0m[0m 05/24 18:05:04 | n_steps = 15001
[37m[36mINFO[0m[0m 05/24 18:05:04 | checkpoint_freq = 1000
[37m[36mINFO[0m[0m 05/24 18:05:04 | n_steps is updated to 15001 => 15001 for checkpointing
[37m[36mINFO[0m[0m 05/24 18:05:04 | Target test envs = [[4]] (DomainNet custom split)
[37m[36mINFO[0m[0m 05/24 18:05:04 | Target test envs = [[4]] (DomainNet custom split)
[37m[36mINFO[0m[0m 05/24 18:05:04 | 
[37m[36mINFO[0m[0m 05/24 18:12:35 | Testenv name escaping te_real -> te_real
[37m[36mINFO[0m[0m 05/24 18:12:35 | Test envs = [3], name = te_real
[37m[36mINFO[0m[0m 05/24 18:12:35 | Batch sizes for each domain: [32, 32, 32, 0] (total=96)
[37m[36mINFO[0m[0m 05/24 18:12:35 | steps-per-epoch for each domain: 1330.03, 1894.00, 4312.50 -> min = 1330.03
[37m[36mINFO[0m[0m 05/24 18:12:37 | # of params = 57266126
[37m[36mINFO[0m[0m 05/24 18:18:59 | test_in     test_out    train_in    train_out   tr_outloss  env0_out    env1_out    env2_out    env3_in     env3_out    step        epoch       loss        ce_loss     sup_cl_los  pre_cl_los  cdc_loss    pma_loss    gt_loss     l_spe_dc    l_inv_dc    l_sup_cls   l_inf_cls   l_dr_cl     l_cr_cl     loss_mask   lambda_inv  mask_super  dr_fallbac  cr_fallbac  step_time   eval_time  
[37m[36mINFO[0m[0m 05/24 18:18:59 | 0.001875    0.002053    0.000000    0.002597    5.846132    0.002068    0.002970    0.002754    0.001875    0.002053    0           0.000000    20.277855   5.989759    2.402017    2.001147    0.332728    0.000000    0.060687    1.090359    0.000554    5.832743    5.838156    10.309875   10.497394   -0.005413   0.002000    0.599609    0.000000    0.895833    2.613382    379.936968 
[37m[36mINFO[0m[0m 05/24 18:33:55 | 0.011792    0.010808    0.000000    0.010963    5.812875    0.010620    0.015313    0.006957    0.011792    0.010808    1000        0.751862    16.606134   3.283900    1.351804    2.065946    0.378258    0.211056    0.038592    0.177580    0.000324    5.829273    5.843750    10.873760   9.003431    -0.014476   0.751498    0.599609    0.000000    0.908104    0.499411    380.063345 
[37m[36mINFO[0m[0m 05/24 18:49:03 | 0.041109    0.040354    0.000000    0.043231    5.789201    0.035996    0.070160    0.023536    0.041109    0.040354    2000        1.503724    15.509031   2.420784    1.248050    1.783236    0.309345    0.206439    0.030884    0.113919    0.000296    5.808844    5.839648    10.578119   8.596038    -0.030804   1.000000    0.599609    0.000000    0.896833    0.499826    392.015492 
[37m[36mINFO[0m[0m 05/24 19:04:03 | 0.084421    0.083873    0.000000    0.080238    5.771137    0.059868    0.130816    0.050029    0.084421    0.083873    3000        2.255586    15.151618   2.182834    1.199325    1.689006    0.272458    0.210507    0.027004    0.101084    0.000287    5.791457    5.835369    10.430385   8.441720    -0.043912   1.000000    0.599609    0.000000    0.896979    0.497337    385.991148 
[37m[36mINFO[0m[0m 05/24 19:19:15 | 0.131818    0.130814    0.000000    0.122735    5.738384    0.086842    0.198667    0.082696    0.131818    0.130814    4000        3.007448    14.902675   2.014523    1.170421    1.643275    0.267146    0.220388    0.025956    0.098084    0.000336    5.768437    5.830450    10.328313   8.346617    -0.062013   1.000000    0.599609    0.000000    0.888896    0.500810    395.119505 
[37m[36mINFO[0m[0m 05/24 19:34:30 | 0.168228    0.165436    0.000000    0.153012    5.711517    0.109962    0.241304    0.107768    0.168228    0.165436    5000        3.759310    14.750150   1.908786    1.167283    1.629325    0.269399    0.232057    0.025904    0.090334    0.000401    5.740988    5.825071    10.274971   8.234402    -0.084083   1.000000    0.599609    0.000000    0.887948    0.499291    399.484103 
[37m[36mINFO[0m[0m 05/24 19:49:41 | 0.197552    0.195808    0.000000    0.179815    5.647656    0.128289    0.279387    0.131768    0.197552    0.195808    6000        4.511172    14.528137   1.785202    1.129797    1.592362    0.310149    0.265294    0.028436    0.089346    0.000498    5.690448    5.813248    10.232325   8.180196    -0.122800   1.000000    0.599609    0.000000    0.882865    0.496786    397.545536 
[37m[36mINFO[0m[0m 05/24 20:04:29 | 0.229485    0.228547    0.000000    0.208849    5.583245    0.148872    0.324863    0.152812    0.229485    0.228547    7000        5.263034    14.355686   1.714754    1.097582    1.572217    0.403487    0.315756    0.032942    0.091538    0.000659    5.628909    5.790719    10.223679   8.141681    -0.161809   1.000000    0.599609    0.000000    0.880948    0.499520    372.285689 
[37m[36mINFO[0m[0m 05/24 20:19:17 | 0.241862    0.240696    0.000000    0.225382    5.502672    0.158835    0.343080    0.174232    0.241862    0.240696    8000        6.014896    14.247412   1.665989    1.110970    1.577977    0.505011    0.388844    0.039585    0.087112    0.000775    5.562880    5.762071    10.194017   8.102964    -0.199191   1.000000    0.599609    0.000000    0.878573    0.499039    372.398243 
[37m[36mINFO[0m[0m 05/24 20:33:55 | 0.260078    0.260459    0.000000    0.242317    5.416814    0.176410    0.364860    0.185681    0.260078    0.260459    9000        6.766758    14.057535   1.597434    1.084969    1.567262    0.651799    0.497233    0.049219    0.088815    0.000942    5.478134    5.720549    10.179094   8.093622    -0.242415   1.000000    0.599609    0.000000    0.880542    0.499756    361.413349 
[37m[36mINFO[0m[0m 05/24 20:48:35 | 0.258994    0.257807    0.000000    0.250760    5.352550    0.182331    0.368557    0.201391    0.258994    0.257807    10000       7.518620    13.912268   1.543950    1.093645    1.585208    0.845370    0.634599    0.061142    0.088043    0.001105    5.387839    5.668645    10.163061   8.079444    -0.280806   1.000000    0.599609    0.000000    0.880625    0.499613    364.177605 
[37m[36mINFO[0m[0m 05/24 21:03:14 | 0.275128    0.274034    0.000000    0.266974    5.206800    0.188722    0.390403    0.221797    0.275128    0.274034    11000       8.270482    13.746643   1.513780    1.066607    1.564218    0.996378    0.776388    0.073347    0.088018    0.001337    5.301502    5.613488    10.155324   8.058133    -0.311986   1.000000    0.599609    0.000000    0.878365    0.499481    362.959694 
[37m[36mINFO[0m[0m 05/24 21:17:56 | 0.287341    0.286753    0.000000    0.278244    5.169418    0.198684    0.407498    0.228551    0.287341    0.286753    12000       9.022344    13.593262   1.475800    1.060554    1.562643    1.226497    0.932217    0.084891    0.090623    0.001483    5.208886    5.552338    10.101823   8.061088    -0.343452   1.000000    0.599609    0.000000    0.878094    0.499982    365.738474 
[37m[36mINFO[0m[0m 05/24 21:32:34 | 0.310155    0.309340    0.000000    0.298669    5.112841    0.211748    0.430665    0.253594    0.310155    0.309340    13000       9.774206    13.418263   1.433632    1.038184    1.548396    1.398362    1.137566    0.103110    0.090173    0.001642    5.117489    5.489425    10.081848   8.072855    -0.371936   1.000000    0.599609    0.000000    0.881646    0.496756    365.129675 
[37m[36mINFO[0m[0m 05/24 21:47:17 | 0.308972    0.309853    0.000000    0.299845    4.988895    0.209023    0.433701    0.256812    0.308972    0.309853    14000       10.526068   13.249755   1.401906    1.022822    1.538613    1.577314    1.328196    0.117693    0.090816    0.001775    5.024193    5.419419    10.046093   8.046248    -0.395226   1.000000    0.599609    0.000000    0.877844    0.500520    365.899386 
[37m[36mINFO[0m[0m 05/24 22:01:50 | 0.319203    0.320348    0.000000    0.316766    4.934212    0.226128    0.451851    0.272319    0.319203    0.320348    15000       11.277930   13.134407   1.383025    1.036164    1.557879    1.749818    1.496172    0.134718    0.088667    0.001912    4.937922    5.354778    10.013527   8.021260    -0.416856   1.000000    0.599609    0.000000    0.877875    0.497804    358.527194 
[37m[36mINFO[0m[0m 05/24 22:01:50 | ---
[37m[31mERROR[0m[0m 05/24 22:01:50 | Requested final model, but model is not yet converged; return last model instead
[37m[33mWARNING[0m[0m 05/24 22:01:50 | Evaluate SWAD ...
[37m[36mINFO[0m[0m 05/24 22:08:18 | 0.614286    0.613261    0.000000    0.570596    2.342249    0.366071    0.680615    0.665101    0.614286    0.613261    [14001-15000]  (N=1000)
[37m[36mINFO[0m[0m 05/24 22:08:18 | oracle = 31.920%
[37m[36mINFO[0m[0m 05/24 22:08:18 | iid = 31.920%
[37m[36mINFO[0m[0m 05/24 22:08:18 | last = 31.920%
[37m[36mINFO[0m[0m 05/24 22:08:18 | last (inD) = 31.677%
[37m[36mINFO[0m[0m 05/24 22:08:18 | iid (inD) = 31.677%
[37m[36mINFO[0m[0m 05/24 22:08:18 | SWAD = 61.429%
[37m[36mINFO[0m[0m 05/24 22:08:18 | SWAD (inD) = 57.060%
[37m[36mINFO[0m[0m 05/24 22:08:18 | === Summary ===
[37m[36mINFO[0m[0m 05/24 22:08:18 | Command: train_all.py DCCL_DFA_t4_s123_1 --dataset DomainNet --algorithm DCCL --data_dir /home/hooasia/lgg/projects/repro_dccl/data --seed 0 --trial_seed 0 --source_envs 1 2 3 --target_env 4 --use_dfa --dfa_use_dfd --dfa_use_advm --dfa_use_dr --dfa_use_cr
[37m[36mINFO[0m[0m 05/24 22:08:18 | Unique name: 260524_17-57-33_DCCL_DFA_t4_s123_1
[37m[36mINFO[0m[0m 05/24 22:08:18 | Out path: train_output/DomainNet/260524_17-57-33_DCCL_DFA_t4_s123_1
[37m[36mINFO[0m[0m 05/24 22:08:18 | Algorithm: DCCL
[37m[36mINFO[0m[0m 05/24 22:08:18 | Dataset: DomainNet
+------------+---------+---------+
| Selection  |   env0  |   Avg.  |
+------------+---------+---------+
|   oracle   | 31.920% | 31.920% |
|    iid     | 31.920% | 31.920% |
|    last    | 31.920% | 31.920% |
| last (inD) | 31.677% | 31.677% |
| iid (inD)  | 31.677% | 31.677% |
|    SWAD    | 61.429% | 61.429% |
| SWAD (inD) | 57.060% | 57.060% |
+------------+---------+---------+
